apiVersion: v1
kind: PersistentVolumeClaim
metadata:
  name: dummy-app-etcconfig
spec:
  accessModes:
  - ReadWriteMany
  resources:
    requests:
      storage: 4Gi

---

apiVersion: apps/v1
kind: Deployment
metadata:
  name: dummy-app
spec:
  replicas: 1
  selector:
    matchLabels:
      app: dummy-app
  template:
    metadata:
      labels:
        app: dummy-app
    spec:
      containers:
      - image: dummygres:0.1.0
        name: dummy-app
        volumeMounts:
        - mountPath: /etc/config
          name: dummy-app-etcconfig
      volumes:
      - name: dummy-app-etcconfig
        persistentVolumeClaim:
          claimName: dummy-app-etcconfig

---

